src/services/dashboard.service.ts(2,8): error TS1192: Module '"D:/projects/Growwin Backend (Admin)/node_modules/@types/jsonwebtoken/index"' has no default export.
src/services/dashboard.service.ts(3,8): error TS1192: Module '"D:/projects/Growwin Backend (Admin)/node_modules/@types/bcrypt/index"' has no default export.
src/services/dashboard.service.ts(29,31): error TS2307: Cannot find module 'otplib' or its corresponding type declarations.
src/services/dashboard.service.ts(30,20): error TS2307: Cannot find module 'qrcode' or its corresponding type declarations.
src/services/dashboard.service.ts(77,34): error TS2802: Type 'Set<string>' can only be iterated through when using the '--downlevelIteration' flag or with a '--target' of 'es2015' or higher.
src/services/dashboard.service.ts(325,41): error TS2802: Type 'Set<string>' can only be iterated through when using the '--downlevelIteration' flag or with a '--target' of 'es2015' or higher.
src/services/dashboard.service.ts(338,38): error TS2802: Type 'Set<string>' can only be iterated through when using the '--downlevelIteration' flag or with a '--target' of 'es2015' or higher.
src/services/dashboard.service.ts(871,34): error TS2802: Type 'Set<string>' can only be iterated through when using the '--downlevelIteration' flag or with a '--target' of 'es2015' or higher.
src/services/dashboard.service.ts(1775,34): error TS2802: Type 'Set<string>' can only be iterated through when using the '--downlevelIteration' flag or with a '--target' of 'es2015' or higher.
src/services/dashboard.service.ts(1778,39): error TS2802: Type 'Set<any>' can only be iterated through when using the '--downlevelIteration' flag or with a '--target' of 'es2015' or higher.
src/services/dashboard.service.ts(2638,22): error TS18004: No value exists in scope for the shorthand property 'oldData'. Either declare one or provide an initializer.
